// Jest Snapshot v1, https://goo.gl/fbAQLP

exports[`should render Home component should contain .homePage wrapper 1`] = `
<div
  className="homePage"
  data-test-home-page="home-page"
>
  <main>
    <t
      afterLoad={[Function]}
      beforeLoad={[Function]}
      className="img"
      delayMethod="throttle"
      delayTime={300}
      effect=""
      placeholderSrc={null}
      src="test-file-stub"
      threshold={100}
      useIntersectionObserver={true}
      visibleByDefault={false}
      wrapperClassName=""
    />
  </main>
</div>
`;
