// Jest Snapshot v1, https://goo.gl/fbAQLP

exports[`should render PageNumberBtn component should contain .pageElement wrapper 1`] = `
<button
  className="pageElement active"
  onClick={[Function]}
/>
`;
